============================= test session starts ==============================
platform linux -- Python 3.12.3, pytest-9.0.2, pluggy-1.6.0 -- /home/nikhil/BlackFlag/.venv/bin/python3
cachedir: .pytest_cache
rootdir: /home/nikhil/BlackFlag/backend
plugins: anyio-4.12.0
collecting ... collected 6 items

tests/test_integration.py::test_database_connection_and_query PASSED     [ 16%]
tests/test_integration.py::test_employees_list_endpoint PASSED           [ 33%]
tests/test_integration.py::test_auth_login_valid_credentials PASSED      [ 50%]
tests/test_integration.py::test_auth_login_invalid_credentials PASSED    [ 66%]
tests/test_integration.py::test_health_check_endpoints PASSED            [ 83%]
tests/test_integration.py::test_api_integration_complete_flow PASSED     [100%]

=============================== warnings summary ===============================
tests/test_integration.py::test_health_check_endpoints
  /home/nikhil/BlackFlag/backend/src/routes/health.py:57: DeprecationWarning: datetime.datetime.utcnow() is deprecated and scheduled for removal in a future version. Use timezone-aware objects to represent datetimes in UTC: datetime.datetime.now(datetime.UTC).
    "timestamp": datetime.utcnow().isoformat()

tests/test_integration.py::test_health_check_endpoints
  /home/nikhil/BlackFlag/backend/src/routes/health.py:20: DeprecationWarning: datetime.datetime.utcnow() is deprecated and scheduled for removal in a future version. Use timezone-aware objects to represent datetimes in UTC: datetime.datetime.now(datetime.UTC).
    "timestamp": datetime.utcnow().isoformat(),

tests/test_integration.py::test_health_check_endpoints
  /home/nikhil/BlackFlag/backend/src/routes/health.py:43: DeprecationWarning: datetime.datetime.utcnow() is deprecated and scheduled for removal in a future version. Use timezone-aware objects to represent datetimes in UTC: datetime.datetime.now(datetime.UTC).
    "timestamp": datetime.utcnow().isoformat(),

-- Docs: https://docs.pytest.org/en/stable/how-to/capture-warnings.html
======================== 6 passed, 3 warnings in 0.82s =========================
